--------- beginning of main
05-20 06:57:23.818  1299  2630 I slpi    : LTR569 ALS_OC: lux:3.134652, last_ps:1[3052], RAW:56.000000[104, 70], INT:70, G:512, C:50, PCTRL:22, ACTRL:165, AGC:12, SCA:167, STA:37, AINT:127, MEAS:32, scale:0.801, rate:20.000000, int:960000
05-20 06:57:24.190  1299  2630 I slpi    : LTR569 ALS_OC: lux:4.869906, last_ps:1[3096], RAW:87.000000[73, 39], INT:70, G:512, C:55, PCTRL:22, ACTRL:165, AGC:12, SCA:167, STA:37, AINT:127, MEAS:32, scale:0.801, rate:20.000000, int:960000
05-20 06:57:24.194  1299  2630 I slpi    : LTR569 PRX_OC_T: Near 0 K 789 PDATA 854 PLT 1051 PHT 1220 - 1,16,12,ed,|a5,c|46
05-20 06:57:24.200  1298  2680 V MotSpeakerHelperProximity: updated mCurProximityState: FAR (5.000000)
--------- beginning of system
05-20 06:57:24.200  1995  1995 D TouchHwService: Stowed state changed: false
05-20 06:57:24.200  1298  2680 V MotSpeakerHelperProximity: ThreadLoop event mProximityState = FAR, previous NEAR
05-20 06:57:24.200  1995  1995 W AlarmManager: Unrecognized alarm listener com.motorola.server.display.TouchHwService$AlarmListenerImpl@de318e1
05-20 06:57:24.201  1317  1317 I motorola.hardware.display.touch@1.4-service: Setting stow gesture mode to 0 for panel 0
05-20 06:57:24.214  1995  2126 D TouchHwService: setGestureStowModeHal done displayId=0 stowed=0 result=0
05-20 06:57:24.282  1995  2211 I ActivityManager: Test idle passed
05-20 06:57:24.357  4405  4487 W kloadclassifier: ApkAssets: Deleting an ApkAssets object '<empty> and /data/app/~~8FBSbGBzsp4MwxeVe9z6kg==/com.amar.vault-puLI7MUygISdrgX4QlLc5g==/base.apk' with 1 weak references
05-20 06:57:24.375  1995  2721 D PowerManagerService: nativeAcquireSuspendBlocker name:PowerManagerService.WakeLocks duration ms: 1
05-20 06:57:24.410  1995  2721 D PowerManagerService: nativeReleaseSuspendBlocker name:PowerManagerService.WakeLocks duration ms: 0
05-20 06:57:24.411  3096  3124 I QImsService: VtDataUsageProvider : onSetAlert:2097152
05-20 06:57:24.412  3096  3096 I QImsService: ImsServiceClassTracker : updateAlertQuota:newQuota=2097152,Remaining=2097152
05-20 06:57:24.564  1299  2630 I slpi    : LTR569 ALS_OC: lux:5.933448, last_ps:0[854], RAW:106.000000[104, 70], INT:70, G:512, C:62, PCTRL:22, ACTRL:165, AGC:12, SCA:167, STA:37, AINT:127, MEAS:32, scale:0.801, rate:20.000000, int:960000
05-20 06:57:25.265  1995  2732 D InetDiagMessage: Destroyed 0 sockets, proto=IPPROTO_TCP, family=AF_INET, states=14
05-20 06:57:25.269  1995  5187 D ConnectivityService: Returning BLOCKED NetworkInfo to uid=10451
05-20 06:57:25.270  1995  2732 D InetDiagMessage: Destroyed 0 sockets, proto=IPPROTO_TCP, family=AF_INET6, states=14
05-20 06:57:25.270  1995  2732 D InetDiagMessage: Destroyed live tcp sockets for uids={10451} in 14ms
05-20 06:57:25.277  1995  2732 D InetDiagMessage: Destroyed 0 sockets, proto=IPPROTO_TCP, family=AF_INET, states=14
05-20 06:57:25.281  1995  2732 D InetDiagMessage: Destroyed 0 sockets, proto=IPPROTO_TCP, family=AF_INET6, states=14
05-20 06:57:25.281  1995  2732 D InetDiagMessage: Destroyed live tcp sockets for uids={20451} in 10ms
05-20 06:57:26.681  1995  2628 D BatteryService: uevent={POWER_SUPPLY_VOLTAGE_NOW=4188782, POWER_SUPPLY_CHARGE_CONTROL_LIMIT_MAX=9, POWER_SUPPLY_TYPE=Battery, POWER_SUPPLY_HEALTH=Good, POWER_SUPPLY_TECHNOLOGY=Li-ion, POWER_SUPPLY_CHARGE_FULL_DESIGN=5096000, SEQNUM=343847, POWER_SUPPLY_CHARGE_CONTROL_LIMIT=3, POWER_SUPPLY_STATUS=Charging, POWER_SUPPLY_CURRENT_MAX=2500000, POWER_SUPPLY_CYCLE_COUNT=2, POWER_SUPPLY_CHARGE_TERM_CURRENT=-100, POWER_SUPPLY_CAPACITY=75, DEVPATH=/devices/platform/soc/1c40000.qcom,spmi/spmi-0/spmi0-02/1c40000.qcom,spmi:qcom,pm7250b@2:qcom,qpnp-smb5-mmi/power_supply/battery, POWER_SUPPLY_CHARGE_TYPE=Fast, POWER_SUPPLY_CHARGE_RATE=Normal, POWER_SUPPLY_INPUT_CURRENT_LIMIT=0, POWER_SUPPLY_CURRENT_NOW=387573, POWER_SUPPLY_PRESENT=1, POWER_SUPPLY_CHARGE_FULL=5096000, POWER_SUPPLY_TIME_TO_FULL_NOW=22049, POWER_SUPPLY_CONSTANT_CHARGE_CURRENT=2500000, SUBSYSTEM=power_supply, POWER_SUPPLY_TEMP=357, ACTION=change, POWER_SUPPLY_NAME=battery, POWER_SUPPLY_VOLTAGE_MAX=-22, POWER_SUPPLY_CONSTANT_CHARGE_CURRENT_MAX=4000000, POWER_SUPPLY_CHARGE_COUNTER=3686446}
05-20 06:57:26.682  1995  2628 D BatteryService: uevent={POWER_SUPPLY_VOLTAGE_NOW=4188782, POWER_SUPPLY_CHARGE_CONTROL_LIMIT_MAX=9, POWER_SUPPLY_TYPE=Battery, POWER_SUPPLY_HEALTH=Good, POWER_SUPPLY_TECHNOLOGY=Li-ion, POWER_SUPPLY_CHARGE_FULL_DESIGN=5096000, SEQNUM=343847, POWER_SUPPLY_CHARGE_CONTROL_LIMIT=3, POWER_SUPPLY_STATUS=Charging, POWER_SUPPLY_CURRENT_MAX=2500000, POWER_SUPPLY_CYCLE_COUNT=2, POWER_SUPPLY_CHARGE_TERM_CURRENT=-100, POWER_SUPPLY_CAPACITY=75, DEVPATH=/devices/platform/soc/1c40000.qcom,spmi/spmi-0/spmi0-02/1c40000.qcom,spmi:qcom,pm7250b@2:qcom,qpnp-smb5-mmi/power_supply/battery, POWER_SUPPLY_CHARGE_TYPE=Fast, POWER_SUPPLY_CHARGE_RATE=Normal, POWER_SUPPLY_INPUT_CURRENT_LIMIT=0, POWER_SUPPLY_CURRENT_NOW=387573, POWER_SUPPLY_PRESENT=1, POWER_SUPPLY_CHARGE_FULL=5096000, POWER_SUPPLY_TIME_TO_FULL_NOW=22049, POWER_SUPPLY_CONSTANT_CHARGE_CURRENT=2500000, SUBSYSTEM=power_supply, POWER_SUPPLY_TEMP=357, ACTION=change, POWER_SUPPLY_NAME=battery, POWER_SUPPLY_VOLTAGE_MAX=-22, POWER_SUPPLY_CONSTANT_CHARGE_CURRENT_MAX=4000000, POWER_SUPPLY_CHARGE_COUNTER=3686446}
05-20 06:57:26.700  1299  2630 I slpi    : LTR569 ALS_OC: lux:6.941015, last_ps:0[858], RAW:124.000000[123, 89], INT:70, G:512, C:67, PCTRL:22, ACTRL:165, AGC:12, SCA:167, STA:37, AINT:127, MEAS:32, scale:0.801, rate:20.000000, int:960000
05-20 06:57:26.700  1995  1995 V UiModeManager: updateLocked: null action, mDockState=0, category=null
05-20 06:57:26.701  2892  3838 D PowerUI : can't show warning due to - plugged: true status unknown: false
05-20 06:57:26.701  1995  1995 D UiModeManager: updateConfigurationLocked: mDockState=0; mCarMode=false; mNightMode=com.android.server.UiModeManagerService$1@fce3041; mNightModeCustomType=-1; uiMode=33
05-20 06:57:26.710  3096  3096 D QtiCarrierConfigHelper: WARNING, no carrier configs on phone Id: 1
05-20 06:57:26.713  1995  1995 V UiModeManager: updateLocked: null action, mDockState=0, category=null
05-20 06:57:26.717  3096  3096 D QtiCarrierConfigHelper: WARNING, no carrier configs on phone Id: 1
05-20 06:57:26.717  2892  3545 D PowerUI : can't show warning due to - plugged: true status unknown: false
05-20 06:57:26.718  1995  1995 D UiModeManager: updateConfigurationLocked: mDockState=0; mCarMode=false; mNightMode=com.android.server.UiModeManagerService$1@fce3041; mNightModeCustomType=-1; uiMode=33
05-20 06:57:26.718  1995  1995 V UiModeManager: updateLocked: null action, mDockState=0, category=null
05-20 06:57:26.718  1995  2628 D BatteryService: uevent={POWER_SUPPLY_VOLTAGE_NOW=4184890, POWER_SUPPLY_CHARGE_CONTROL_LIMIT_MAX=9, POWER_SUPPLY_TYPE=Battery, POWER_SUPPLY_HEALTH=Good, POWER_SUPPLY_TECHNOLOGY=Li-ion, POWER_SUPPLY_CHARGE_FULL_DESIGN=5096000, SEQNUM=343848, POWER_SUPPLY_CHARGE_CONTROL_LIMIT=3, POWER_SUPPLY_STATUS=Charging, POWER_SUPPLY_CURRENT_MAX=2500000, POWER_SUPPLY_CYCLE_COUNT=2, POWER_SUPPLY_CHARGE_TERM_CURRENT=-100, POWER_SUPPLY_CAPACITY=75, DEVPATH=/devices/platform/soc/1c40000.qcom,spmi/spmi-0/spmi0-02/1c40000.qcom,spmi:qcom,pm7250b@2:qcom,qpnp-smb5-mmi/power_supply/battery, POWER_SUPPLY_CHARGE_TYPE=Fast, POWER_SUPPLY_INPUT_CURRENT_LIMIT=0, POWER_SUPPLY_CURRENT_NOW=387573, POWER_SUPPLY_PRESENT=1, POWER_SUPPLY_CHARGE_FULL=5096000, POWER_SUPPLY_TIME_TO_FULL_NOW=22049, POWER_SUPPLY_CONSTANT_CHARGE_CURRENT=2500000, SUBSYSTEM=power_supply, POWER_SUPPLY_TEMP=357, ACTION=change, POWER_SUPPLY_NAME=battery, POWER_SUPPLY_VOLTAGE_MAX=-22, POWER_SUPPLY_CONSTANT_CHARGE_CURRENT_MAX=4000000, POWER_SUPPLY_CHARGE_COUNTER=3686446}
05-20 06:57:26.718  1995  1995 D UiModeManager: updateConfigurationLocked: mDockState=0; mCarMode=false; mNightMode=com.android.server.UiModeManagerService$1@fce3041; mNightModeCustomType=-1; uiMode=33
05-20 06:57:26.718  1995  2628 D BatteryService: uevent={POWER_SUPPLY_VOLTAGE_NOW=4184890, POWER_SUPPLY_CHARGE_CONTROL_LIMIT_MAX=9, POWER_SUPPLY_TYPE=Battery, POWER_SUPPLY_HEALTH=Good, POWER_SUPPLY_TECHNOLOGY=Li-ion, POWER_SUPPLY_CHARGE_FULL_DESIGN=5096000, SEQNUM=343848, POWER_SUPPLY_CHARGE_CONTROL_LIMIT=3, POWER_SUPPLY_STATUS=Charging, POWER_SUPPLY_CURRENT_MAX=2500000, POWER_SUPPLY_CYCLE_COUNT=2, POWER_SUPPLY_CHARGE_TERM_CURRENT=-100, POWER_SUPPLY_CAPACITY=75, DEVPATH=/devices/platform/soc/1c40000.qcom,spmi/spmi-0/spmi0-02/1c40000.qcom,spmi:qcom,pm7250b@2:qcom,qpnp-smb5-mmi/power_supply/battery, POWER_SUPPLY_CHARGE_TYPE=Fast, POWER_SUPPLY_INPUT_CURRENT_LIMIT=0, POWER_SUPPLY_CURRENT_NOW=387573, POWER_SUPPLY_PRESENT=1, POWER_SUPPLY_CHARGE_FULL=5096000, POWER_SUPPLY_TIME_TO_FULL_NOW=22049, POWER_SUPPLY_CONSTANT_CHARGE_CURRENT=2500000, SUBSYSTEM=power_supply, POWER_SUPPLY_TEMP=357, ACTION=change, POWER_SUPPLY_NAME=battery, POWER_SUPPLY_VOLTAGE_MAX=-22, POWER_SUPPLY_CONSTANT_CHARGE_CURRENT_MAX=4000000, POWER_SUPPLY_CHARGE_COUNTER=3686446}
05-20 06:57:26.724  2892  4004 D PowerUI : can't show warning due to - plugged: true status unknown: false
05-20 06:57:26.729  3096  3096 D QtiCarrierConfigHelper: WARNING, no carrier configs on phone Id: 1
05-20 06:57:26.733  1995  1995 V UiModeManager: updateLocked: null action, mDockState=0, category=null
05-20 06:57:26.733  1995  1995 D UiModeManager: updateConfigurationLocked: mDockState=0; mCarMode=false; mNightMode=com.android.server.UiModeManagerService$1@fce3041; mNightModeCustomType=-1; uiMode=33
05-20 06:57:26.733  2892  3547 D PowerUI : can't show warning due to - plugged: true status unknown: false
05-20 06:57:26.735  3096  3096 D QtiCarrierConfigHelper: WARNING, no carrier configs on phone Id: 1
05-20 06:57:26.739  2892  3544 D PowerUI : can't show warning due to - plugged: true status unknown: false
05-20 06:57:26.739  1995  1995 V UiModeManager: updateLocked: null action, mDockState=0, category=null
05-20 06:57:26.739  1995  1995 D UiModeManager: updateConfigurationLocked: mDockState=0; mCarMode=false; mNightMode=com.android.server.UiModeManagerService$1@fce3041; mNightModeCustomType=-1; uiMode=33
05-20 06:57:26.740  1995  1995 V UiModeManager: updateLocked: null action, mDockState=0, category=null
05-20 06:57:26.740  1995  1995 D UiModeManager: updateConfigurationLocked: mDockState=0; mCarMode=false; mNightMode=com.android.server.UiModeManagerService$1@fce3041; mNightModeCustomType=-1; uiMode=33
05-20 06:57:26.741  3096  3096 D QtiCarrierConfigHelper: WARNING, no carrier configs on phone Id: 1
05-20 06:57:27.606  1299  2630 I slpi    : LTR569 ALS_OC: lux:4.869906, last_ps:0[858], RAW:87.000000[141, 107], INT:70, G:512, C:63, PCTRL:22, ACTRL:165, AGC:12, SCA:167, STA:37, AINT:127, MEAS:32, scale:0.801, rate:20.000000, int:960000
05-20 06:57:27.769  1299  2630 I slpi    : LTR569 ALS_OC: lux:3.414532, last_ps:0[858], RAW:61.000000[104, 70], INT:70, G:512, C:55, PCTRL:22, ACTRL:165, AGC:12, SCA:167, STA:37, AINT:127, MEAS:32, scale:0.801, rate:20.000000, int:960000
05-20 06:57:28.033  1299  2630 I slpi    : LTR569 ALS_OC: lux:2.295013, last_ps:0[858], RAW:41.000000[78, 44], INT:70, G:512, C:47, PCTRL:22, ACTRL:165, AGC:12, SCA:167, STA:37, AINT:127, MEAS:32, scale:0.801, rate:20.000000, int:960000
05-20 06:57:28.036  1299  2630 I slpi    : LTV debug - state 1, fxyz 5 34 984 sfd 0
05-20 06:57:28.037  1299  2630 I slpi    : LTR569 PRX_OC: Near 1 K 789 PDATA 1969 PLT 1051 PHT 1220 - 23,16,12,ed,|a5,c|46
05-20 06:57:28.043  1298  2680 V MotSpeakerHelperProximity: updated mCurProximityState: NEAR (0.000000)
05-20 06:57:28.043  1298  2680 V MotSpeakerHelperProximity: ThreadLoop event mProximityState = NEAR, previous FAR
05-20 06:57:28.044  1995  1995 D TouchHwService: Stowed state changed: true
05-20 06:57:28.044  1995  1995 W AlarmManager: Unrecognized alarm listener com.motorola.server.display.TouchHwService$AlarmListenerImpl@de318e1
05-20 06:57:28.045  1317  1317 I motorola.hardware.display.touch@1.4-service: Setting stow gesture mode to 1 for panel 0
05-20 06:57:28.051  1995  2126 D TouchHwService: setGestureStowModeHal done displayId=0 stowed=1 result=0
05-20 06:57:28.258  1995  5187 I ActivityManager: Broadcasting: Intent { act=com.amar.vault.DEBUG_EVENT_HISTORY flg=0x400000 pkg=com.amar.vault (has extras) }
05-20 06:57:28.260  1995  5187 W PackageManager: Missing required system package: com.amar.vault, but found with extended search.
05-20 06:57:28.260  1995  5187 I ActivityManager: Enqueued broadcast Intent { act=com.amar.vault.DEBUG_EVENT_HISTORY flg=0x400000 pkg=com.amar.vault (has extras) }: 0
05-20 06:57:28.264  9861  9861 I EventHistoryDbg: RECEIVED action=summary extras=android.util.MapCollections$KeySet@ab2f7e36
05-20 06:57:28.272  9861  9861 I EventHistory: SUMMARY size=288 spanMs=197498 types={WindowContentChanged=168, WindowStateChanged=18, ImeVisibilityChanged=36, ViewFocused=3, WindowsChanged=18, TextChanged=19, TextSelectionChanged=20, InputReadiness=4, InjectionStarted=1, InjectionSucceeded=1}
05-20 06:57:28.273  1995  2126 I ActivityManager: Broadcast completed: result=0
05-20 06:57:28.624  1299  2630 I slpi    : LTR569 ALS_OC: lux:4.142219, last_ps:1[2102], RAW:74.000000[58, 24], INT:70, G:512, C:51, PCTRL:22, ACTRL:165, AGC:12, SCA:167, STA:37, AINT:127, MEAS:32, scale:0.801, rate:20.000000, int:960000
05-20 06:57:28.678  1299  2630 I slpi    : LTR569 PRX_OC: Near 0 K 789 PDATA 1037 PLT 1051 PHT 1220 - 13,16,12,ed,|a5,c|46
05-20 06:57:28.682  1299  2630 I slpi    : LTR569 ALS_OC: lux:4.534050, last_ps:0[1037], RAW:81.000000[91, 57], INT:70, G:512, C:53, PCTRL:22, ACTRL:165, AGC:12, SCA:167, STA:37, AINT:127, MEAS:32, scale:0.801, rate:20.000000, int:960000
05-20 06:57:28.684  1298  2680 V MotSpeakerHelperProximity: updated mCurProximityState: FAR (5.000000)
05-20 06:57:28.684  1298  2680 V MotSpeakerHelperProximity: ThreadLoop event mProximityState = FAR, previous NEAR
05-20 06:57:28.684  1995  1995 D TouchHwService: Stowed state changed: false
05-20 06:57:28.684  1995  1995 W AlarmManager: Unrecognized alarm listener com.motorola.server.display.TouchHwService$AlarmListenerImpl@de318e1
05-20 06:57:28.686  1317  1317 I motorola.hardware.display.touch@1.4-service: Setting stow gesture mode to 0 for panel 0
05-20 06:57:28.704  1995  2126 D TouchHwService: setGestureStowModeHal done displayId=0 stowed=0 result=0
05-20 06:57:28.945  1299  2630 I slpi    : LTR569 ALS_OC: lux:5.597593, last_ps:0[1037], RAW:100.000000[98, 64], INT:70, G:512, C:60, PCTRL:22, ACTRL:165, AGC:12, SCA:167, STA:37, AINT:127, MEAS:32, scale:0.801, rate:20.000000, int:960000
05-20 06:57:29.285  1995  2211 I ActivityManager: Test idle passed
05-20 06:57:29.359  4239  4248 W id.ext.services: Reducing the number of considered missed Gc histogram windows from 1292 to 100
05-20 06:57:30.385  1299  2630 I slpi    : LTR569 ALS_OC: lux:6.661135, last_ps:0[859], RAW:119.000000[117, 83], INT:70, G:512, C:67, PCTRL:22, ACTRL:165, AGC:12, SCA:167, STA:37, AINT:127, MEAS:32, scale:0.801, rate:20.000000, int:960000
05-20 06:57:31.194  2892  3389 D PowerUI : can't show warning due to - plugged: true status unknown: false
05-20 06:57:31.194  1995  1995 V UiModeManager: updateLocked: null action, mDockState=0, category=null
05-20 06:57:31.195  1995  1995 D UiModeManager: updateConfigurationLocked: mDockState=0; mCarMode=false; mNightMode=com.android.server.UiModeManagerService$1@fce3041; mNightModeCustomType=-1; uiMode=33
05-20 06:57:31.195  3096  3096 D QtiCarrierConfigHelper: WARNING, no carrier configs on phone Id: 1
05-20 06:57:31.817  1995  2628 D BatteryService: uevent={POWER_SUPPLY_VOLTAGE_NOW=4201628, POWER_SUPPLY_CHARGE_CONTROL_LIMIT_MAX=9, POWER_SUPPLY_TYPE=Battery, POWER_SUPPLY_HEALTH=Good, POWER_SUPPLY_TECHNOLOGY=Li-ion, POWER_SUPPLY_CHARGE_FULL_DESIGN=5096000, SEQNUM=343850, POWER_SUPPLY_CHARGE_CONTROL_LIMIT=3, POWER_SUPPLY_STATUS=Charging, POWER_SUPPLY_CURRENT_MAX=2500000, POWER_SUPPLY_CYCLE_COUNT=2, POWER_SUPPLY_CHARGE_TERM_CURRENT=-100, POWER_SUPPLY_CAPACITY=75, DEVPATH=/devices/platform/soc/1c40000.qcom,spmi/spmi-0/spmi0-02/1c40000.qcom,spmi:qcom,pm7250b@2:qcom,qpnp-smb5-mmi/power_supply/battery, POWER_SUPPLY_CHARGE_TYPE=Fast, POWER_SUPPLY_CHARGE_RATE=Normal, POWER_SUPPLY_INPUT_CURRENT_LIMIT=0, POWER_SUPPLY_CURRENT_NOW=491028, POWER_SUPPLY_PRESENT=1, POWER_SUPPLY_CHARGE_FULL=5096000, POWER_SUPPLY_TIME_TO_FULL_NOW=22024, POWER_SUPPLY_CONSTANT_CHARGE_CURRENT=2500000, SUBSYSTEM=power_supply, POWER_SUPPLY_TEMP=356, ACTION=change, POWER_SUPPLY_NAME=battery, POWER_SUPPLY_VOLTAGE_MAX=-22, POWER_SUPPLY_CONSTANT_CHARGE_CURRENT_MAX=4000000, POWER_SUPPLY_CHARGE_COUNTER=3686446}
05-20 06:57:31.817  1995  2628 D BatteryService: uevent={POWER_SUPPLY_VOLTAGE_NOW=4201628, POWER_SUPPLY_CHARGE_CONTROL_LIMIT_MAX=9, POWER_SUPPLY_TYPE=Battery, POWER_SUPPLY_HEALTH=Good, POWER_SUPPLY_TECHNOLOGY=Li-ion, POWER_SUPPLY_CHARGE_FULL_DESIGN=5096000, SEQNUM=343850, POWER_SUPPLY_CHARGE_CONTROL_LIMIT=3, POWER_SUPPLY_STATUS=Charging, POWER_SUPPLY_CURRENT_MAX=2500000, POWER_SUPPLY_CYCLE_COUNT=2, POWER_SUPPLY_CHARGE_TERM_CURRENT=-100, POWER_SUPPLY_CAPACITY=75, DEVPATH=/devices/platform/soc/1c40000.qcom,spmi/spmi-0/spmi0-02/1c40000.qcom,spmi:qcom,pm7250b@2:qcom,qpnp-smb5-mmi/power_supply/battery, POWER_SUPPLY_CHARGE_TYPE=Fast, POWER_SUPPLY_CHARGE_RATE=Normal, POWER_SUPPLY_INPUT_CURRENT_LIMIT=0, POWER_SUPPLY_CURRENT_NOW=491028, POWER_SUPPLY_PRESENT=1, POWER_SUPPLY_CHARGE_FULL=5096000, POWER_SUPPLY_TIME_TO_FULL_NOW=22024, POWER_SUPPLY_CONSTANT_CHARGE_CURRENT=2500000, SUBSYSTEM=power_supply, POWER_SUPPLY_TEMP=356, ACTION=change, POWER_SUPPLY_NAME=battery, POWER_SUPPLY_VOLTAGE_MAX=-22, POWER_SUPPLY_CONSTANT_CHARGE_CURRENT_MAX=4000000, POWER_SUPPLY_CHARGE_COUNTER=3686446}
05-20 06:57:31.834  1995  2628 D BatteryService: uevent={POWER_SUPPLY_VOLTAGE_NOW=4201628, POWER_SUPPLY_CHARGE_CONTROL_LIMIT_MAX=9, POWER_SUPPLY_TYPE=Battery, POWER_SUPPLY_HEALTH=Good, POWER_SUPPLY_TECHNOLOGY=Li-ion, POWER_SUPPLY_CHARGE_FULL_DESIGN=5096000, SEQNUM=343851, POWER_SUPPLY_CHARGE_CONTROL_LIMIT=3, POWER_SUPPLY_STATUS=Charging, POWER_SUPPLY_CURRENT_MAX=2500000, POWER_SUPPLY_CYCLE_COUNT=2, POWER_SUPPLY_CHARGE_TERM_CURRENT=-100, POWER_SUPPLY_CAPACITY=75, DEVPATH=/devices/platform/soc/1c40000.qcom,spmi/spmi-0/spmi0-02/1c40000.qcom,spmi:qcom,pm7250b@2:qcom,qpnp-smb5-mmi/power_supply/battery, POWER_SUPPLY_CHARGE_TYPE=Fast, POWER_SUPPLY_INPUT_CURRENT_LIMIT=0, POWER_SUPPLY_CURRENT_NOW=491028, POWER_SUPPLY_PRESENT=1, POWER_SUPPLY_CHARGE_FULL=5096000, POWER_SUPPLY_TIME_TO_FULL_NOW=22024, POWER_SUPPLY_CONSTANT_CHARGE_CURRENT=2500000, SUBSYSTEM=power_supply, POWER_SUPPLY_TEMP=356, ACTION=change, POWER_SUPPLY_NAME=battery, POWER_SUPPLY_VOLTAGE_MAX=-22, POWER_SUPPLY_CONSTANT_CHARGE_CURRENT_MAX=4000000, POWER_SUPPLY_CHARGE_COUNTER=3686446}
05-20 06:57:31.834  1995  2628 D BatteryService: uevent={POWER_SUPPLY_VOLTAGE_NOW=4201628, POWER_SUPPLY_CHARGE_CONTROL_LIMIT_MAX=9, POWER_SUPPLY_TYPE=Battery, POWER_SUPPLY_HEALTH=Good, POWER_SUPPLY_TECHNOLOGY=Li-ion, POWER_SUPPLY_CHARGE_FULL_DESIGN=5096000, SEQNUM=343851, POWER_SUPPLY_CHARGE_CONTROL_LIMIT=3, POWER_SUPPLY_STATUS=Charging, POWER_SUPPLY_CURRENT_MAX=2500000, POWER_SUPPLY_CYCLE_COUNT=2, POWER_SUPPLY_CHARGE_TERM_CURRENT=-100, POWER_SUPPLY_CAPACITY=75, DEVPATH=/devices/platform/soc/1c40000.qcom,spmi/spmi-0/spmi0-02/1c40000.qcom,spmi:qcom,pm7250b@2:qcom,qpnp-smb5-mmi/power_supply/battery, POWER_SUPPLY_CHARGE_TYPE=Fast, POWER_SUPPLY_INPUT_CURRENT_LIMIT=0, POWER_SUPPLY_CURRENT_NOW=491028, POWER_SUPPLY_PRESENT=1, POWER_SUPPLY_CHARGE_FULL=5096000, POWER_SUPPLY_TIME_TO_FULL_NOW=22024, POWER_SUPPLY_CONSTANT_CHARGE_CURRENT=2500000, SUBSYSTEM=power_supply, POWER_SUPPLY_TEMP=356, ACTION=change, POWER_SUPPLY_NAME=battery, POWER_SUPPLY_VOLTAGE_MAX=-22, POWER_SUPPLY_CONSTANT_CHARGE_CURRENT_MAX=4000000, POWER_SUPPLY_CHARGE_COUNTER=3686446}
05-20 06:57:31.838  2892  3546 D PowerUI : can't show warning due to - plugged: true status unknown: false
05-20 06:57:31.850  2892  4055 D PowerUI : can't show warning due to - plugged: true status unknown: false
05-20 06:57:31.852  3096  3096 D QtiCarrierConfigHelper: WARNING, no carrier configs on phone Id: 1
05-20 06:57:31.861  1995  1995 V UiModeManager: updateLocked: null action, mDockState=0, category=null
05-20 06:57:31.862  1995  1995 D UiModeManager: updateConfigurationLocked: mDockState=0; mCarMode=false; mNightMode=com.android.server.UiModeManagerService$1@fce3041; mNightModeCustomType=-1; uiMode=33
05-20 06:57:31.863  2892  3838 D PowerUI : can't show warning due to - plugged: true status unknown: false
05-20 06:57:31.868  1995  1995 V UiModeManager: updateLocked: null action, mDockState=0, category=null
05-20 06:57:31.868  1995  1995 D UiModeManager: updateConfigurationLocked: mDockState=0; mCarMode=false; mNightMode=com.android.server.UiModeManagerService$1@fce3041; mNightModeCustomType=-1; uiMode=33
05-20 06:57:31.869  1995  1995 V UiModeManager: updateLocked: null action, mDockState=0, category=null
05-20 06:57:31.869  1995  1995 D UiModeManager: updateConfigurationLocked: mDockState=0; mCarMode=false; mNightMode=com.android.server.UiModeManagerService$1@fce3041; mNightModeCustomType=-1; uiMode=33
05-20 06:57:31.872  1995  1995 V UiModeManager: updateLocked: null action, mDockState=0, category=null
05-20 06:57:31.872  1995  1995 D UiModeManager: updateConfigurationLocked: mDockState=0; mCarMode=false; mNightMode=com.android.server.UiModeManagerService$1@fce3041; mNightModeCustomType=-1; uiMode=33
05-20 06:57:31.873  3096  3096 D QtiCarrierConfigHelper: WARNING, no carrier configs on phone Id: 1
05-20 06:57:31.874  2892  3545 D PowerUI : can't show warning due to - plugged: true status unknown: false
05-20 06:57:33.382  3033  3048 I Tethering: [BpfCoordinator] onAlertReached
05-20 06:57:33.464  2892  4004 D PowerUI : can't show warning due to - plugged: true status unknown: false
05-20 06:57:33.466  1995  1995 V UiModeManager: updateLocked: null action, mDockState=0, category=null
05-20 06:57:33.467  1995  1995 D UiModeManager: updateConfigurationLocked: mDockState=0; mCarMode=false; mNightMode=com.android.server.UiModeManagerService$1@fce3041; mNightModeCustomType=-1; uiMode=33
05-20 06:57:33.469  3096  3096 D QtiCarrierConfigHelper: WARNING, no carrier configs on phone Id: 1
05-20 06:57:34.211  1995  2305 W BatteryExternalStatsWorker: error reading Bluetooth stats: 9
05-20 06:57:34.217  1995  4818 D PowerManagerService: nativeAcquireSuspendBlocker name:PowerManagerService.WakeLocks duration ms: 2
05-20 06:57:34.230  1995  4818 D TelephonyManager: requestModemActivityInfo: Sending result to app: ModemActivityInfo{ mTimestamp=275613926 mSleepTimeMs=102495524 mIdleTimeMs=36458691 mActivityStatsTechSpecificInfo=[{mRat=UNKNOWN,mFrequencyRange=UNKNOWN,mTxTimeMs[]=[1199710, 27453, 4694, 408, 23],mRxTimeMs=135412572}]}
05-20 06:57:34.233  1995  2076 D PowerManagerService: nativeReleaseSuspendBlocker name:PowerManagerService.WakeLocks duration ms: 1
05-20 06:57:34.288  1995  2211 I ActivityManager: Test idle passed
05-20 06:57:34.362  3610  3616 W id.ext.services: Reducing the number of considered missed Gc histogram windows from 1292 to 100
05-20 06:57:34.387  1995  2721 D PowerManagerService: nativeAcquireSuspendBlocker name:PowerManagerService.WakeLocks duration ms: 1
05-20 06:57:34.422  1995  2721 D PowerManagerService: nativeReleaseSuspendBlocker name:PowerManagerService.WakeLocks duration ms: 0
05-20 06:57:34.424  3096  3124 I QImsService: VtDataUsageProvider : onSetAlert:2097152
05-20 06:57:34.424  3096  3096 I QImsService: ImsServiceClassTracker : updateAlertQuota:newQuota=2097152,Remaining=2097152
05-20 06:57:34.842  1339  1463 E ANDR-PERF-OPTSHANDLER: Failed to read 
05-20 06:57:34.842  1339  1463 E ANDR-PERF-RESOURCEQS: Failed to apply optimization [11, 10]
05-20 06:57:35.147  1995  2659 D PowerManagerService: nativeAcquireSuspendBlocker name:PowerManagerService.WakeLocks duration ms: 1
05-20 06:57:35.148  2892  2892 V KeyguardStatusViewController: onTimeChanged
05-20 06:57:35.155  5104  8149 I BatteryCare: [SmartBackground] [DGMC::AccelerateSmartCleanReceiver] action received: com.motorola.batterycare.SLEEP_MODE_ENTER_ALARM_BROADCAST_ACTION
05-20 06:57:35.155  5104  8149 W BatteryCare: [SmartBackground] [DGMC::AccelerateSmartCleanReceiver] Enter restoreMidNightModeByScreen
05-20 06:57:35.160  5104  8149 I BatteryCare: [SmartBackground] [DGMC::AccelerateSmartCleanReceiver] RestoreMidNightModeByScreen The current isCharging, return!
05-20 06:57:35.161  1995  5187 D PowerManagerService: nativeReleaseSuspendBlocker name:PowerManagerService.WakeLocks duration ms: 1
05-20 06:57:35.165  1995  2638 D PowerManagerService: nativeAcquireSuspendBlocker name:PowerManagerService.WakeLocks duration ms: 1
05-20 06:57:35.171  4423  4423 D NRCheckinJobService: Running Scheduled Job
05-20 06:57:35.171  4423  4423 W JobInfo : Job 'com.motorola.bach.modemstats/.nrcheckin.NRCheckinJobService#0' has a deadline with no functional constraints. The deadline won't improve job execution latency. Consider removing the deadline.
05-20 06:57:35.172  1995  5187 W JobInfo : Job 'com.motorola.bach.modemstats/.nrcheckin.NRCheckinJobService#0' has a deadline with no functional constraints. The deadline won't improve job execution latency. Consider removing the deadline.
05-20 06:57:35.180  4423 10627 I ModemStats: [NRCheckinApplication] received event:4
05-20 06:57:35.180  4423 10627 I ModemStats: [NRCheckinApplication] doCheckInWork...
05-20 06:57:35.181  1995  5187 D PowerManagerService: nativeReleaseSuspendBlocker name:PowerManagerService.WakeLocks duration ms: 1
05-20 06:57:35.182  1995  5187 W JobScheduler: Job didn't exist in JobStore: 23dc3ab #u0a268/0 com.motorola.bach.modemstats/.nrcheckin.NRCheckinJobService
05-20 06:57:35.183  4423 10627 I ModemStats: [NRCheckinApplication] checkTime dbEvent = CA_STATS, getLastEventCheckinTimestamp=2026-05-20 03:02:06 +0530, now_timestamp=Wed May 20 06:57:35 GMT+05:30 2026, timeInterval=14129180, buildAndPublish=false
05-20 06:57:35.184  4423 10627 I ModemStats: [NRCheckinApplication] checkTime dbEvent = NR_ATTACH_FAILURE, getLastEventCheckinTimestamp=2026-05-20 06:51:50 +0530, now_timestamp=Wed May 20 06:57:35 GMT+05:30 2026, timeInterval=345183, buildAndPublish=true
05-20 06:57:35.220  4423 10627 I ModemStats: [NRCheckinApplication] updateLastEventCheckinTimestamp=Wed May 20 06:57:35 GMT+05:30 2026
05-20 06:57:35.221  4423 10627 I ModemStats: [NRCheckinApplication] checkTime dbEvent = NR_CONNECTION_LOSS, getLastEventCheckinTimestamp=2026-05-20 06:51:50 +0530, now_timestamp=Wed May 20 06:57:35 GMT+05:30 2026, timeInterval=345220, buildAndPublish=true
05-20 06:57:35.223  4423 10627 I ModemStats: [NRCheckinApplication] updateLastEventCheckinTimestamp=Wed May 20 06:57:35 GMT+05:30 2026
05-20 06:57:35.230  4408  4504 D com.motorola.dciservice.DciStatusController: getNRCheckinEvents slotId:0
05-20 06:57:35.230  4408  4504 D com.motorola.dciservice.DciNativeProxy: request.wait requestMSG = 3
05-20 06:57:35.230  4408  4408 D MOT_DCI : Getting logs from DCI native service ...
05-20 06:57:35.232  4408  4408 D MOT_DCI : Erase native db after retrieve the parsed logs...
05-20 06:57:35.235  4408  4408 D MOT_DCI : Native DB cleared
05-20 06:57:35.235  4408  4408 D com.motorola.dciservice.DciNativeProxy: getLogs = {"code":47141,"slotId":0,"timestamp":1779240122791,"rrc_controller_state":"CONNECTED","<NR> nrRrcState":"CONNECTED","connectivity_mode":"SA","lte_band_list":[],"nr5g_cell_#_contiguous_cc":1,"nr5g_contiguous_cc_list":[{"#":0,"band":78,"dl_bw_class":"A","ul_bw_class":"A"}],"nr5g_cell_#_active_cc":1,"nr5g_active_cc_list":[{"#":0,"cell_id":454,"dl_arfcn":636666,"ul_arfcn":636666,"ssb_arfcn":634080,"band":78, "<NR UL> bandNumber":78,"dl_carrier_bw":"100","ul_carrier_bw":"100","<NR UL> banndWidth":"100"}]};{"code":47141,"slotId":0,"timestamp":1779240123054,"rrc_controller_state":"CONNECTED","<NR> nrRrcState":"CONNECTED","connectivity_mode":"SA","lte_band_list":[],"nr5g_cell_#_contiguous_cc":1,"nr5g_contiguous_cc_list":[{"#":0,"band":78,"dl_bw_class":"A","ul_bw_class":"A"}],"nr5g_cell_#_active_cc":1,"nr5g_active_cc_list":[{"#":0,"cell_id":454,"dl_arfcn":636666,"ul_arfcn":636666,"ssb_arfcn":634080,"band":78, "<NR UL> bandNumber":78,"dl_carrier_bw":"100","ul_carrier_bw":"100","<NR UL> banndWidth":"100"}]};{"code":47141,"slotId":0,"timestamp":1779240124133,"rrc_controller_state":"CONNECTED","<NR> nrRrcState":"CONNECTED","connectivity_mode":"SA","lte_band_list":[],"nr5g_cell_#_contiguous_cc":1,"nr5g_contiguous_cc_list":[{"#":0,"band":78,"dl_bw_class":"A","ul_bw_class":"A"}],"nr5g_cell_#_active_cc":1,"nr5g_active_cc_list":[{"#":0,"cell_id":364,"dl_arfcn":636666,"ul_arfcn":636666,"ssb_arfcn":634080,"band":78, "<NR UL> bandNumber":78,"dl_carrier_bw":"100","ul_carrier_bw":"100","<NR UL> banndWidth":"100"}]};{"code":47141,"slotId":0,"timestamp":1779240124143,"rrc_controller_state":"CONNECTED","<NR> nrRrcState":"CONNECTED","connectivity_mode":"SA","lte_band_list":[],"nr5g_cell_#_contiguous_cc":1,"nr5g_contiguous_cc_list":[{"#":0,"band":78,"dl_bw_class":"A","ul_bw_class":"A"}],"nr5g_cell_#_active_cc":1,"nr5g_active_cc_list":[{"#":0,"cell_id":364,"dl_arfcn":636666,"ul_arfcn":636666,"ssb_arfcn":634080,"band":78, "<NR UL> bandNumber":78,"dl_carrier_bw":"100","ul_carrier_bw":"100","<NR UL> banndWidth":"100"}]};{"code":47141,"slotId":0,"timestamp":1779240124839,"rrc_controller_state":"CONNECTED","<NR> nrRrcState":"CONNECTED","connectivity_mode":"SA","lte_band_list":[],"nr5g_cell_#_contiguous_cc":1,"nr5g_contiguous_cc_list":[{"#":0,"band":78,"dl_bw_class":"A","ul_bw_class":"A"}],"nr5g_cell_#_active_cc":1,"nr5g_active_cc_list":[{"#":0,"cell_id":364,"dl_arfcn":636666,"ul_arfcn":636666,"ssb_arfcn":634080,"band":78, "<NR UL> bandNumber":78,"dl_carrier_bw":"100","ul_carrier_bw":"100","<NR UL> banndWidth":"100"}]};{"code":47141,"slotId":0,"timestamp":1779240182597,"rrc_controller_state":"CONNECTED","<NR> nrRrcState":"CONNECTED","connectivity_mode":"SA","lte_band_list":[],"nr5g_cell_#_contiguous_cc":1,"nr5g_contiguous_cc_list":[{"#":0,"band":78,"dl_bw_class":"A","ul_bw_class":"A"}],"nr5g_cell_#_active_cc":1,"nr5g_active_cc_list":[{"#":0,"cell_id":454,"dl_arfcn":636666,"ul_arfcn":636666,"ssb_arfcn":634080,"band":78, "<NR UL> bandNumber":78,"dl_carrier_bw":"100","ul_carrier_bw":"100","<NR UL> banndWidth":"100"}]};{"code":47141,"slotId":0,"timestamp":1779240182617,"rrc_controller_state":"CONNECTED","<NR> nrRrcState":"CONNECTED","connectivity_mode":"SA","lte_band_list":[],"nr5g_cell_#_contiguous_cc":1,"nr5g_contiguous_cc_list":[{"#":0,"band":78,"dl_bw_class":"A","ul_bw_class":"A"}],"nr5g_cell_#_active_cc":1,"nr5g_active_cc_list":[{"#":0,"cell_id":454,"dl_arfcn":636666,"ul_arfcn":636666,"ssb_arfcn":634080,"band":78, "<NR UL> bandNumber":78,"dl_carrier_bw":"100","ul_carrier_bw":"100","<NR UL> banndWidth":"100"}]};{"code":47141,"slotId":0,"timestamp":1779240182849,"rrc_controller_state":"CONNECTED","<NR> nrRrcState":"CONNECTED","connectivity_mode":"SA","lte_band_list":[],"nr5g_cell_#_contiguous_cc":1,"nr5g_contiguous_cc_list":[{"#":0,"band":78,"dl_bw_class":"A","ul_bw_class":"A"}],"nr5g_cell_#_active_cc":1,"nr5g_active_cc_list":[{"#":0,"cell_id":454,"dl_arfcn":636666,"ul_arfcn":636666,"ssb_arfcn":634080,"band":78, "<NR UL> bandNumber":78,"dl_carrier_bw":"100","ul_carrier_bw":"100"
05-20 06:57:35.236  4408  4504 D com.motorola.dciservice.DCIParse: parseMulTiMessage pkt:{"code":47141,"slotId":0,"timestamp":1779240122791,"rrc_controller_state":"CONNECTED","<NR> nrRrcState":"CONNECTED","connectivity_mode":"SA","lte_band_list":[],"nr5g_cell_#_contiguous_cc":1,"nr5g_contiguous_cc_list":[{"#":0,"band":78,"dl_bw_class":"A","ul_bw_class":"A"}],"nr5g_cell_#_active_cc":1,"nr5g_active_cc_list":[{"#":0,"cell_id":454,"dl_arfcn":636666,"ul_arfcn":636666,"ssb_arfcn":634080,"band":78, "<NR UL> bandNumber":78,"dl_carrier_bw":"100","ul_carrier_bw":"100","<NR UL> banndWidth":"100"}]};{"code":47141,"slotId":0,"timestamp":1779240123054,"rrc_controller_state":"CONNECTED","<NR> nrRrcState":"CONNECTED","connectivity_mode":"SA","lte_band_list":[],"nr5g_cell_#_contiguous_cc":1,"nr5g_contiguous_cc_list":[{"#":0,"band":78,"dl_bw_class":"A","ul_bw_class":"A"}],"nr5g_cell_#_active_cc":1,"nr5g_active_cc_list":[{"#":0,"cell_id":454,"dl_arfcn":636666,"ul_arfcn":636666,"ssb_arfcn":634080,"band":78, "<NR UL> bandNumber":78,"dl_carrier_bw":"100","ul_carrier_bw":"100","<NR UL> banndWidth":"100"}]};{"code":47141,"slotId":0,"timestamp":1779240124133,"rrc_controller_state":"CONNECTED","<NR> nrRrcState":"CONNECTED","connectivity_mode":"SA","lte_band_list":[],"nr5g_cell_#_contiguous_cc":1,"nr5g_contiguous_cc_list":[{"#":0,"band":78,"dl_bw_class":"A","ul_bw_class":"A"}],"nr5g_cell_#_active_cc":1,"nr5g_active_cc_list":[{"#":0,"cell_id":364,"dl_arfcn":636666,"ul_arfcn":636666,"ssb_arfcn":634080,"band":78, "<NR UL> bandNumber":78,"dl_carrier_bw":"100","ul_carrier_bw":"100","<NR UL> banndWidth":"100"}]};{"code":47141,"slotId":0,"timestamp":1779240124143,"rrc_controller_state":"CONNECTED","<NR> nrRrcState":"CONNECTED","connectivity_mode":"SA","lte_band_list":[],"nr5g_cell_#_contiguous_cc":1,"nr5g_contiguous_cc_list":[{"#":0,"band":78,"dl_bw_class":"A","ul_bw_class":"A"}],"nr5g_cell_#_active_cc":1,"nr5g_active_cc_list":[{"#":0,"cell_id":364,"dl_arfcn":636666,"ul_arfcn":636666,"ssb_arfcn":634080,"band":78, "<NR UL> bandNumber":78,"dl_carrier_bw":"100","ul_carrier_bw":"100","<NR UL> banndWidth":"100"}]};{"code":47141,"slotId":0,"timestamp":1779240124839,"rrc_controller_state":"CONNECTED","<NR> nrRrcState":"CONNECTED","connectivity_mode":"SA","lte_band_list":[],"nr5g_cell_#_contiguous_cc":1,"nr5g_contiguous_cc_list":[{"#":0,"band":78,"dl_bw_class":"A","ul_bw_class":"A"}],"nr5g_cell_#_active_cc":1,"nr5g_active_cc_list":[{"#":0,"cell_id":364,"dl_arfcn":636666,"ul_arfcn":636666,"ssb_arfcn":634080,"band":78, "<NR UL> bandNumber":78,"dl_carrier_bw":"100","ul_carrier_bw":"100","<NR UL> banndWidth":"100"}]};{"code":47141,"slotId":0,"timestamp":1779240182597,"rrc_controller_state":"CONNECTED","<NR> nrRrcState":"CONNECTED","connectivity_mode":"SA","lte_band_list":[],"nr5g_cell_#_contiguous_cc":1,"nr5g_contiguous_cc_list":[{"#":0,"band":78,"dl_bw_class":"A","ul_bw_class":"A"}],"nr5g_cell_#_active_cc":1,"nr5g_active_cc_list":[{"#":0,"cell_id":454,"dl_arfcn":636666,"ul_arfcn":636666,"ssb_arfcn":634080,"band":78, "<NR UL> bandNumber":78,"dl_carrier_bw":"100","ul_carrier_bw":"100","<NR UL> banndWidth":"100"}]};{"code":47141,"slotId":0,"timestamp":1779240182617,"rrc_controller_state":"CONNECTED","<NR> nrRrcState":"CONNECTED","connectivity_mode":"SA","lte_band_list":[],"nr5g_cell_#_contiguous_cc":1,"nr5g_contiguous_cc_list":[{"#":0,"band":78,"dl_bw_class":"A","ul_bw_class":"A"}],"nr5g_cell_#_active_cc":1,"nr5g_active_cc_list":[{"#":0,"cell_id":454,"dl_arfcn":636666,"ul_arfcn":636666,"ssb_arfcn":634080,"band":78, "<NR UL> bandNumber":78,"dl_carrier_bw":"100","ul_carrier_bw":"100","<NR UL> banndWidth":"100"}]};{"code":47141,"slotId":0,"timestamp":1779240182849,"rrc_controller_state":"CONNECTED","<NR> nrRrcState":"CONNECTED","connectivity_mode":"SA","lte_band_list":[],"nr5g_cell_#_contiguous_cc":1,"nr5g_contiguous_cc_list":[{"#":0,"band":78,"dl_bw_class":"A","ul_bw_class":"A"}],"nr5g_cell_#_active_cc":1,"nr5g_active_cc_list":[{"#":0,"cell_id":454,"dl_arfcn":636666,"ul_arfcn":636666,"ssb_arfcn":634080,"band":78, "<NR UL> bandNumber":78,"dl_carrier_bw":"100","ul_carrier_bw"
05-20 06:57:35.236  4408  4504 D com.motorola.dciservice.DCIParse: Logs collected: 17
05-20 06:57:35.247  4423 10627 I ModemStats: [NRCheckin] Java DB: Active Event Updated (elapsetime and timestamp) >> {"number_of_cc":"1","lte_band_list":"","mode":"SA","cc_list":"78,636666,636666,100,100;","cntg_cc":"78-A-A","plmn":"405868","last_timestamp":1779240122791}
05-20 06:57:35.250  4423 10627 I ModemStats: [NRCheckin] Java DB: Active Event Updated (elapsetime and timestamp) >> {"number_of_cc":"1","lte_band_list":"","mode":"SA","cc_list":"78,636666,636666,100,100;","cntg_cc":"78-A-A","plmn":"405868","last_timestamp":1779240123054}
05-20 06:57:35.255  4423 10627 I ModemStats: [NRCheckin] Java DB: Active Event Updated (elapsetime and timestamp) >> {"number_of_cc":"1","lte_band_list":"","mode":"SA","cc_list":"78,636666,636666,100,100;","cntg_cc":"78-A-A","plmn":"405868","last_timestamp":1779240124133}
05-20 06:57:35.260  4423 10627 I ModemStats: [NRCheckin] Java DB: Active Event Updated (elapsetime and timestamp) >> {"number_of_cc":"1","lte_band_list":"","mode":"SA","cc_list":"78,636666,636666,100,100;","cntg_cc":"78-A-A","plmn":"405868","last_timestamp":1779240124143}
05-20 06:57:35.265  4423 10627 I ModemStats: [NRCheckin] Java DB: Active Event Updated (elapsetime and timestamp) >> {"number_of_cc":"1","lte_band_list":"","mode":"SA","cc_list":"78,636666,636666,100,100;","cntg_cc":"78-A-A","plmn":"405868","last_timestamp":1779240124839}
05-20 06:57:35.269  4423 10627 I ModemStats: [NRCheckin] Java DB: Active Event Updated (elapsetime and timestamp) >> {"number_of_cc":"1","lte_band_list":"","mode":"SA","cc_list":"78,636666,636666,100,100;","cntg_cc":"78-A-A","plmn":"405868","last_timestamp":1779240182597}
05-20 06:57:35.274  4423 10627 I ModemStats: [NRCheckin] Java DB: Active Event Updated (elapsetime and timestamp) >> {"number_of_cc":"1","lte_band_list":"","mode":"SA","cc_list":"78,636666,636666,100,100;","cntg_cc":"78-A-A","plmn":"405868","last_timestamp":1779240182617}
05-20 06:57:35.277  4423 10627 I ModemStats: [NRCheckin] Java DB: Active Event Updated (elapsetime and timestamp) >> {"number_of_cc":"1","lte_band_list":"","mode":"SA","cc_list":"78,636666,636666,100,100;","cntg_cc":"78-A-A","plmn":"405868","last_timestamp":1779240182849}
05-20 06:57:35.280  4423 10627 I ModemStats: [NRCheckin] Java DB: Active Event Updated (elapsetime and timestamp) >> {"number_of_cc":"1","lte_band_list":"","mode":"SA","cc_list":"78,636666,636666,100,100;","cntg_cc":"78-A-A","plmn":"405868","last_timestamp":1779240190926}
05-20 06:57:35.283  4423 10627 I ModemStats: [NRCheckin] Java DB: Active Event Updated (elapsetime and timestamp) >> {"number_of_cc":"1","lte_band_list":"","mode":"SA","cc_list":"78,636666,636666,100,100;","cntg_cc":"78-A-A","plmn":"405868","last_timestamp":1779240190943}
05-20 06:57:35.286  4423 10627 I ModemStats: [NRCheckin] Java DB: Active Event Updated (elapsetime and timestamp) >> {"number_of_cc":"1","lte_band_list":"","mode":"SA","cc_list":"78,636666,636666,100,100;","cntg_cc":"78-A-A","plmn":"405868","last_timestamp":1779240191163}
05-20 06:57:35.289  4423 10627 I ModemStats: [NRCheckin] Java DB: Active Event Updated (elapsetime and timestamp) >> {"number_of_cc":"1","lte_band_list":"","mode":"SA","cc_list":"78,636666,636666,100,100;","cntg_cc":"78-A-A","plmn":"405868","last_timestamp":1779240303813}
05-20 06:57:35.291  4423 10627 I ModemStats: [NRCheckin] Java DB: Active Event Updated (elapsetime and timestamp) >> {"number_of_cc":"1","lte_band_list":"","mode":"SA","cc_list":"78,636666,636666,100,100;","cntg_cc":"78-A-A","plmn":"405868","last_timestamp":1779240303823}
05-20 06:57:35.293  4423 10627 I ModemStats: [NRCheckin] Java DB: Active Event Updated (elapsetime and timestamp) >> {"number_of_cc":"1","lte_band_list":"","mode":"SA","cc_list":"78,636666,636666,100,100;","cntg_cc":"78-A-A","plmn":"405868","last_timestamp":1779240304049}
05-20 06:57:35.296  4423 10627 I ModemStats: [NRCheckin] Java DB: Active Event Updated (elapsetime and timestamp) >> {"number_of_cc":"1","lte_band_list":"","mode":"SA","cc_list":"78,636666,636666,100,100;","cntg_cc":"78-A-A","plmn":"405868","last_timestamp":1779240305162}
05-20 06:57:35.298  4423 10627 I ModemStats: [NRCheckin] Java DB: Active Event Updated (elapsetime and timestamp) >> {"number_of_cc":"1","lte_band_list":"","mode":"SA","cc_list":"78,636666,636666,100,100;","cntg_cc":"78-A-A","plmn":"405868","last_timestamp":1779240305176}
05-20 06:57:35.301  4423 10627 I ModemStats: [NRCheckin] Java DB: Active Event Updated (elapsetime and timestamp) >> {"number_of_cc":"1","lte_band_list":"","mode":"SA","cc_list":"78,636666,636666,100,100;","cntg_cc":"78-A-A","plmn":"405868","last_timestamp":1779240305753}
05-20 06:57:35.302  4423 10627 I System.out: 3
05-20 06:57:35.302  4423 10627 I System.out: 4
05-20 06:57:35.302  4423 10627 I System.out: 32
05-20 06:57:36.919  1995  2628 D BatteryService: uevent={POWER_SUPPLY_VOLTAGE_NOW=4201823, POWER_SUPPLY_CHARGE_CONTROL_LIMIT_MAX=9, POWER_SUPPLY_TYPE=Battery, POWER_SUPPLY_HEALTH=Good, POWER_SUPPLY_TECHNOLOGY=Li-ion, POWER_SUPPLY_CHARGE_FULL_DESIGN=5096000, SEQNUM=343855, POWER_SUPPLY_CHARGE_CONTROL_LIMIT=3, POWER_SUPPLY_STATUS=Charging, POWER_SUPPLY_CURRENT_MAX=2500000, POWER_SUPPLY_CYCLE_COUNT=2, POWER_SUPPLY_CHARGE_TERM_CURRENT=-100, POWER_SUPPLY_CAPACITY=75, DEVPATH=/devices/platform/soc/1c40000.qcom,spmi/spmi-0/spmi0-02/1c40000.qcom,spmi:qcom,pm7250b@2:qcom,qpnp-smb5-mmi/power_supply/battery, POWER_SUPPLY_CHARGE_TYPE=Fast, POWER_SUPPLY_CHARGE_RATE=Normal, POWER_SUPPLY_INPUT_CURRENT_LIMIT=0, POWER_SUPPLY_CURRENT_NOW=503235, POWER_SUPPLY_PRESENT=1, POWER_SUPPLY_CHARGE_FULL=5096000, POWER_SUPPLY_TIME_TO_FULL_NOW=22014, POWER_SUPPLY_CONSTANT_CHARGE_CURRENT=2500000, SUBSYSTEM=power_supply, POWER_SUPPLY_TEMP=356, ACTION=change, POWER_SUPPLY_NAME=battery, POWER_SUPPLY_VOLTAGE_MAX=-22, POWER_SUPPLY_CONSTANT_CHARGE_CURRENT_MAX=4000000, POWER_SUPPLY_CHARGE_COUNTER=3686446}
05-20 06:57:36.920  1995  2628 D BatteryService: uevent={POWER_SUPPLY_VOLTAGE_NOW=4201823, POWER_SUPPLY_CHARGE_CONTROL_LIMIT_MAX=9, POWER_SUPPLY_TYPE=Battery, POWER_SUPPLY_HEALTH=Good, POWER_SUPPLY_TECHNOLOGY=Li-ion, POWER_SUPPLY_CHARGE_FULL_DESIGN=5096000, SEQNUM=343855, POWER_SUPPLY_CHARGE_CONTROL_LIMIT=3, POWER_SUPPLY_STATUS=Charging, POWER_SUPPLY_CURRENT_MAX=2500000, POWER_SUPPLY_CYCLE_COUNT=2, POWER_SUPPLY_CHARGE_TERM_CURRENT=-100, POWER_SUPPLY_CAPACITY=75, DEVPATH=/devices/platform/soc/1c40000.qcom,spmi/spmi-0/spmi0-02/1c40000.qcom,spmi:qcom,pm7250b@2:qcom,qpnp-smb5-mmi/power_supply/battery, POWER_SUPPLY_CHARGE_TYPE=Fast, POWER_SUPPLY_CHARGE_RATE=Normal, POWER_SUPPLY_INPUT_CURRENT_LIMIT=0, POWER_SUPPLY_CURRENT_NOW=503235, POWER_SUPPLY_PRESENT=1, POWER_SUPPLY_CHARGE_FULL=5096000, POWER_SUPPLY_TIME_TO_FULL_NOW=22014, POWER_SUPPLY_CONSTANT_CHARGE_CURRENT=2500000, SUBSYSTEM=power_supply, POWER_SUPPLY_TEMP=356, ACTION=change, POWER_SUPPLY_NAME=battery, POWER_SUPPLY_VOLTAGE_MAX=-22, POWER_SUPPLY_CONSTANT_CHARGE_CURRENT_MAX=4000000, POWER_SUPPLY_CHARGE_COUNTER=3686446}
05-20 06:57:36.931  1995  1995 V UiModeManager: updateLocked: null action, mDockState=0, category=null
05-20 06:57:36.931  1995  1995 D UiModeManager: updateConfigurationLocked: mDockState=0; mCarMode=false; mNightMode=com.android.server.UiModeManagerService$1@fce3041; mNightModeCustomType=-1; uiMode=33
05-20 06:57:36.932  2892  3547 D PowerUI : can't show warning due to - plugged: true status unknown: false
05-20 06:57:36.932  3096  3096 D QtiCarrierConfigHelper: WARNING, no carrier configs on phone Id: 1
05-20 06:57:36.936  1995  2628 D BatteryService: uevent={POWER_SUPPLY_VOLTAGE_NOW=4201823, POWER_SUPPLY_CHARGE_CONTROL_LIMIT_MAX=9, POWER_SUPPLY_TYPE=Battery, POWER_SUPPLY_HEALTH=Good, POWER_SUPPLY_TECHNOLOGY=Li-ion, POWER_SUPPLY_CHARGE_FULL_DESIGN=5096000, SEQNUM=343856, POWER_SUPPLY_CHARGE_CONTROL_LIMIT=3, POWER_SUPPLY_STATUS=Charging, POWER_SUPPLY_CURRENT_MAX=2500000, POWER_SUPPLY_CYCLE_COUNT=2, POWER_SUPPLY_CHARGE_TERM_CURRENT=-100, POWER_SUPPLY_CAPACITY=75, DEVPATH=/devices/platform/soc/1c40000.qcom,spmi/spmi-0/spmi0-02/1c40000.qcom,spmi:qcom,pm7250b@2:qcom,qpnp-smb5-mmi/power_supply/battery, POWER_SUPPLY_CHARGE_TYPE=Fast, POWER_SUPPLY_INPUT_CURRENT_LIMIT=0, POWER_SUPPLY_CURRENT_NOW=503235, POWER_SUPPLY_PRESENT=1, POWER_SUPPLY_CHARGE_FULL=5096000, POWER_SUPPLY_TIME_TO_FULL_NOW=22014, POWER_SUPPLY_CONSTANT_CHARGE_CURRENT=2500000, SUBSYSTEM=power_supply, POWER_SUPPLY_TEMP=356, ACTION=change, POWER_SUPPLY_NAME=battery, POWER_SUPPLY_VOLTAGE_MAX=-22, POWER_SUPPLY_CONSTANT_CHARGE_CURRENT_MAX=4000000, POWER_SUPPLY_CHARGE_COUNTER=3686446}
05-20 06:57:36.936  1995  2628 D BatteryService: uevent={POWER_SUPPLY_VOLTAGE_NOW=4201823, POWER_SUPPLY_CHARGE_CONTROL_LIMIT_MAX=9, POWER_SUPPLY_TYPE=Battery, POWER_SUPPLY_HEALTH=Good, POWER_SUPPLY_TECHNOLOGY=Li-ion, POWER_SUPPLY_CHARGE_FULL_DESIGN=5096000, SEQNUM=343856, POWER_SUPPLY_CHARGE_CONTROL_LIMIT=3, POWER_SUPPLY_STATUS=Charging, POWER_SUPPLY_CURRENT_MAX=2500000, POWER_SUPPLY_CYCLE_COUNT=2, POWER_SUPPLY_CHARGE_TERM_CURRENT=-100, POWER_SUPPLY_CAPACITY=75, DEVPATH=/devices/platform/soc/1c40000.qcom,spmi/spmi-0/spmi0-02/1c40000.qcom,spmi:qcom,pm7250b@2:qcom,qpnp-smb5-mmi/power_supply/battery, POWER_SUPPLY_CHARGE_TYPE=Fast, POWER_SUPPLY_INPUT_CURRENT_LIMIT=0, POWER_SUPPLY_CURRENT_NOW=503235, POWER_SUPPLY_PRESENT=1, POWER_SUPPLY_CHARGE_FULL=5096000, POWER_SUPPLY_TIME_TO_FULL_NOW=22014, POWER_SUPPLY_CONSTANT_CHARGE_CURRENT=2500000, SUBSYSTEM=power_supply, POWER_SUPPLY_TEMP=356, ACTION=change, POWER_SUPPLY_NAME=battery, POWER_SUPPLY_VOLTAGE_MAX=-22, POWER_SUPPLY_CONSTANT_CHARGE_CURRENT_MAX=4000000, POWER_SUPPLY_CHARGE_COUNTER=3686446}
05-20 06:57:36.942  2892  3544 D PowerUI : can't show warning due to - plugged: true status unknown: false
05-20 06:57:36.946  1995  1995 V UiModeManager: updateLocked: null action, mDockState=0, category=null
05-20 06:57:36.947  1995  1995 D UiModeManager: updateConfigurationLocked: mDockState=0; mCarMode=false; mNightMode=com.android.server.UiModeManagerService$1@fce3041; mNightModeCustomType=-1; uiMode=33
05-20 06:57:36.949  1995  1995 V UiModeManager: updateLocked: null action, mDockState=0, category=null
05-20 06:57:36.950  1995  1995 D UiModeManager: updateConfigurationLocked: mDockState=0; mCarMode=false; mNightMode=com.android.server.UiModeManagerService$1@fce3041; mNightModeCustomType=-1; uiMode=33
05-20 06:57:36.950  3096  3096 D QtiCarrierConfigHelper: WARNING, no carrier configs on phone Id: 1
05-20 06:57:36.952  2892  3389 D PowerUI : can't show warning due to - plugged: true status unknown: false
05-20 06:57:37.972  1299  2630 I slpi    : LTR569 ALS_OC: lux:5.037833, last_ps:0[857], RAW:90.000000[136, 102], INT:70, G:512, C:63, PCTRL:22, ACTRL:165, AGC:12, SCA:167, STA:37, AINT:127, MEAS:32, scale:0.801, rate:20.000000, int:960000
05-20 06:57:38.295  1299  2630 I slpi    : LTV debug - state 1, fxyz 4 34 984 sfd 0
05-20 06:57:38.295  1299  2630 I slpi    : LTR569 PRX_OC: Near 1 K 789 PDATA 1854 PLT 1051 PHT 1220 - 23,16,12,ed,|a5,c|46
05-20 06:57:38.299  1299  2630 I slpi    : LTR569 ALS_OC: lux:4.813930, last_ps:1[1854], RAW:86.000000[107, 73], INT:70, G:512, C:56, PCTRL:22, ACTRL:165, AGC:12, SCA:167, STA:37, AINT:127, MEAS:32, scale:0.801, rate:20.000000, int:960000
05-20 06:57:38.302  1298  2680 V MotSpeakerHelperProximity: updated mCurProximityState: NEAR (0.000000)
05-20 06:57:38.302  1298  2680 V MotSpeakerHelperProximity: ThreadLoop event mProximityState = NEAR, previous FAR
05-20 06:57:38.302  1995  1995 D TouchHwService: Stowed state changed: true
05-20 06:57:38.303  1995  1995 W AlarmManager: Unrecognized alarm listener com.motorola.server.display.TouchHwService$AlarmListenerImpl@de318e1
05-20 06:57:38.303  1317  1317 I motorola.hardware.display.touch@1.4-service: Setting stow gesture mode to 1 for panel 0
05-20 06:57:38.308  1995  2126 D TouchHwService: setGestureStowModeHal done displayId=0 stowed=1 result=0
05-20 06:57:38.387  3033  3048 I Tethering: [BpfCoordinator] onAlertReached
